+--------------------------------------------------------------------------------+---+---+---+---+---+---+---+---+---+----+----+----+----+----+----+----+---+---+---+---+---+---+---+---+---+----+----+----+----+----+----+----+----+----+----+----+----+----+----+----+----+----+----+----+----+----+----+----+
|                                 Фигура/Занятие                                 | 1 | 2 | 3 | 4 | 5 | 6 | 7 | 8 | 9 | 10 | 11 | 12 | 13 | 14 | 15 | 16 | 1 | 2 | 3 | 4 | 5 | 6 | 7 | 8 | 9 | 10 | 11 | 12 | 13 | 14 | 15 | 16 | 17 | 18 | 19 | 20 | 21 | 22 | 23 | 24 | 25 | 26 | 27 | 28 | 29 | 30 | 31 | 32 |
+--------------------------------------------------------------------------------+---+---+---+---+---+---+---+---+---+----+----+----+----+----+----+----+---+---+---+---+---+---+---+---+---+----+----+----+----+----+----+----+----+----+----+----+----+----+----+----+----+----+----+----+----+----+----+----+
|                                                                                |   |   |   |   |   |   |   |   |   |    |    |    |    |    |    |    |   |   |   |   |   |   |   |   |   |    |    |    |    |    |    |    |    |    |    |    |    |    |    |    |    |    |    |    |    |    |    |    |
+--------------------------------------------------------------------------------+---+---+---+---+---+---+---+---+---+----+----+----+----+----+----+----+---+---+---+---+---+---+---+---+---+----+----+----+----+----+----+----+----+----+----+----+----+----+----+----+----+----+----+----+----+----+----+----+
|                             Медленный шаг на месте                             | 1 | 1 | 1 | 1 | 1 | 1 | 1 | 1 | 1 | 1  | 1  | 1  | 1  | 1  | 1  | 1  | 1 | 1 | 1 | 1 |   |   |   |   |   |    |    |    |    |    |    |    |    |    |    |    |    |    |    |    |    |    |    |    |    |    |    |    |
+--------------------------------------------------------------------------------+---+---+---+---+---+---+---+---+---+----+----+----+----+----+----+----+---+---+---+---+---+---+---+---+---+----+----+----+----+----+----+----+----+----+----+----+----+----+----+----+----+----+----+----+----+----+----+----+
|                   Перемещение вперед и назад медленным шагом                   | 1 | 1 |   |   |   |   |   | 1 |   |    |    |    |    |    |    | 1  |   |   |   |   |   |   |   |   |   |    |    |    |    |    |    |    |    |    |    |    |    |    |    |    |    |    |    |    |    |    |    |    |
+--------------------------------------------------------------------------------+---+---+---+---+---+---+---+---+---+----+----+----+----+----+----+----+---+---+---+---+---+---+---+---+---+----+----+----+----+----+----+----+----+----+----+----+----+----+----+----+----+----+----+----+----+----+----+----+
|     Смена направления медленным шагом по часовой и против часовой стрелок      | 1 | 1 |   |   |   |   |   |   |   |    |    |    |    |    |    |    |   |   |   |   |   |   |   |   |   |    |    |    |    |    |    |    |    |    |    |    |    |    |    |    |    |    |    |    |    |    |    |    |
+--------------------------------------------------------------------------------+---+---+---+---+---+---+---+---+---+----+----+----+----+----+----+----+---+---+---+---+---+---+---+---+---+----+----+----+----+----+----+----+----+----+----+----+----+----+----+----+----+----+----+----+----+----+----+----+
|               Перемещение со сменой направления медленным шагом                | 1 | 1 | 1 |   |   | 1 |   |   |   |    |    |    |    |    |    | 1  |   |   |   |   |   |   |   |   |   |    |    |    |    |    |    |    |    |    |    |    |    |    |    |    |    |    |    |    |    |    |    |    |
+--------------------------------------------------------------------------------+---+---+---+---+---+---+---+---+---+----+----+----+----+----+----+----+---+---+---+---+---+---+---+---+---+----+----+----+----+----+----+----+----+----+----+----+----+----+----+----+----+----+----+----+----+----+----+----+
|                           Ламбадовский шаг на месте                            |   | 1 | 1 | 1 | 1 | 1 | 1 | 1 |   | 1  | 1  | 1  |    |    | 1  |    | 1 |   |   | 1 |   |   |   |   |   |    |    |    |    |    |    |    |    |    |    |    |    |    |    |    |    |    |    |    |    |    |    |    |
+--------------------------------------------------------------------------------+---+---+---+---+---+---+---+---+---+----+----+----+----+----+----+----+---+---+---+---+---+---+---+---+---+----+----+----+----+----+----+----+----+----+----+----+----+----+----+----+----+----+----+----+----+----+----+----+
|                 Перемещение вперед и назад ламбадовским шагом                  |   | 1 |   |   | 1 |   | 1 |   |   | 1  |    |    |    |    |    |    |   |   |   | 1 |   |   |   |   |   |    |    |    |    |    |    |    |    |    |    |    |    |    |    |    |    |    |    |    |    |    |    |    |
+--------------------------------------------------------------------------------+---+---+---+---+---+---+---+---+---+----+----+----+----+----+----+----+---+---+---+---+---+---+---+---+---+----+----+----+----+----+----+----+----+----+----+----+----+----+----+----+----+----+----+----+----+----+----+----+
|    Смена направления ламбадовским шагом по часовой и против часовой стрелок    |   | 1 |   | 1 |   |   |   |   |   |    |    |    |    |    |    |    | 1 |   |   |   |   |   |   |   |   |    |    |    |    |    |    |    |    |    |    |    |    |    |    |    |    |    |    |    |    |    |    |    |
+--------------------------------------------------------------------------------+---+---+---+---+---+---+---+---+---+----+----+----+----+----+----+----+---+---+---+---+---+---+---+---+---+----+----+----+----+----+----+----+----+----+----+----+----+----+----+----+----+----+----+----+----+----+----+----+
|              Перемещение со сменой направления ламбадовским шагом              |   |   | 1 | 1 | 1 | 1 |   |   |   |    |    | 1  |    |    | 1  |    |   |   |   |   |   |   |   |   |   |    |    |    |    |    |    |    |    |    |    |    |    |    |    |    |    |    |    |    |    |    |    |    |
+--------------------------------------------------------------------------------+---+---+---+---+---+---+---+---+---+----+----+----+----+----+----+----+---+---+---+---+---+---+---+---+---+----+----+----+----+----+----+----+----+----+----+----+----+----+----+----+----+----+----+----+----+----+----+----+
|                                  Базовый шаг                                   |   |   | 1 |   | 1 | 1 | 1 | 1 | 1 | 1  | 1  | 1  | 1  | 1  | 1  | 1  | 1 | 1 | 1 | 1 |   |   |   |   |   |    |    |    |    |    |    |    |    |    |    |    |    |    |    |    |    |    |    |    |    |    |    |    |
+--------------------------------------------------------------------------------+---+---+---+---+---+---+---+---+---+----+----+----+----+----+----+----+---+---+---+---+---+---+---+---+---+----+----+----+----+----+----+----+----+----+----+----+----+----+----+----+----+----+----+----+----+----+----+----+
|                      Балансу с наклоном в тесной позиции                       |   |   |   | 1 |   | 1 |   |   |   |    |    |    |    |    |    |    |   |   |   |   |   |   |   |   |   |    |    |    |    |    |    |    |    |    |    |    |    |    |    |    |    |    |    |    |    |    |    |    |
+--------------------------------------------------------------------------------+---+---+---+---+---+---+---+---+---+----+----+----+----+----+----+----+---+---+---+---+---+---+---+---+---+----+----+----+----+----+----+----+----+----+----+----+----+----+----+----+----+----+----+----+----+----+----+----+
|                                   Параджинья                                   |   |   |   |   | 1 | 1 |   | 1 |   | 1  | 1  | 1  | 1  | 1  | 1  |    | 1 |   | 1 |   |   |   |   |   |   |    |    |    |    |    |    |    |    |    |    |    |    |    |    |    |    |    |    |    |    |    |    |    |
+--------------------------------------------------------------------------------+---+---+---+---+---+---+---+---+---+----+----+----+----+----+----+----+---+---+---+---+---+---+---+---+---+----+----+----+----+----+----+----+----+----+----+----+----+----+----+----+----+----+----+----+----+----+----+----+
|                          Расходка в закрытую позицию                           |   |   |   |   |   | 1 |   | 1 |   |    |    | 1  | 1  |    | 1  |    |   |   |   | 1 |   |   |   |   |   |    |    |    |    |    |    |    |    |    |    |    |    |    |    |    |    |    |    |    |    |    |    |    |
+--------------------------------------------------------------------------------+---+---+---+---+---+---+---+---+---+----+----+----+----+----+----+----+---+---+---+---+---+---+---+---+---+----+----+----+----+----+----+----+----+----+----+----+----+----+----+----+----+----+----+----+----+----+----+----+
| Смена направления на базовом шаге назад на 90 градусов против часовой стрелки  |   |   |   |   |   |   | 1 | 1 |   | 1  | 1  | 1  | 1  | 1  | 1  |    | 1 | 1 |   |   |   |   |   |   |   |    |    |    |    |    |    |    |    |    |    |    |    |    |    |    |    |    |    |    |    |    |    |    |
+--------------------------------------------------------------------------------+---+---+---+---+---+---+---+---+---+----+----+----+----+----+----+----+---+---+---+---+---+---+---+---+---+----+----+----+----+----+----+----+----+----+----+----+----+----+----+----+----+----+----+----+----+----+----+----+
|                            Ускоренный шаг на месте                             |   |   |   |   |   |   | 1 |   |   | 1  |    | 1  |    |    |    | 1  |   |   | 1 |   |   |   |   |   |   |    |    |    |    |    |    |    |    |    |    |    |    |    |    |    |    |    |    |    |    |    |    |    |
+--------------------------------------------------------------------------------+---+---+---+---+---+---+---+---+---+----+----+----+----+----+----+----+---+---+---+---+---+---+---+---+---+----+----+----+----+----+----+----+----+----+----+----+----+----+----+----+----+----+----+----+----+----+----+----+
|                  Перемещение вперед и назад ускоренным шагом                   |   |   |   |   |   |   | 1 | 1 |   | 1  |    |    |    |    |    |    |   |   | 1 |   |   |   |   |   |   |    |    |    |    |    |    |    |    |    |    |    |    |    |    |    |    |    |    |    |    |    |    |    |
+--------------------------------------------------------------------------------+---+---+---+---+---+---+---+---+---+----+----+----+----+----+----+----+---+---+---+---+---+---+---+---+---+----+----+----+----+----+----+----+----+----+----+----+----+----+----+----+----+----+----+----+----+----+----+----+
|     Смена направления ускоренным шагом по часовой и против часовой стрелок     |   |   |   |   |   |   |   |   |   |    |    |    |    |    |    |    |   |   |   |   |   |   |   |   |   |    |    |    |    |    |    |    |    |    |    |    |    |    |    |    |    |    |    |    |    |    |    |    |
+--------------------------------------------------------------------------------+---+---+---+---+---+---+---+---+---+----+----+----+----+----+----+----+---+---+---+---+---+---+---+---+---+----+----+----+----+----+----+----+----+----+----+----+----+----+----+----+----+----+----+----+----+----+----+----+
|               Перемещение со сменой направления ускоренным шагом               |   |   |   |   |   |   |   |   |   |    |    | 1  |    |    |    | 1  |   |   |   |   |   |   |   |   |   |    |    |    |    |    |    |    |    |    |    |    |    |    |    |    |    |    |    |    |    |    |    |    |
+--------------------------------------------------------------------------------+---+---+---+---+---+---+---+---+---+----+----+----+----+----+----+----+---+---+---+---+---+---+---+---+---+----+----+----+----+----+----+----+----+----+----+----+----+----+----+----+----+----+----+----+----+----+----+----+
|                          Расходка в открытую позицию                           |   |   |   |   |   |   |   |   | 1 | 1  | 1  | 1  | 1  | 1  | 1  | 1  | 1 | 1 | 1 | 1 |   |   |   |   |   |    |    |    |    |    |    |    |    |    |    |    |    |    |    |    |    |    |    |    |    |    |    |    |
+--------------------------------------------------------------------------------+---+---+---+---+---+---+---+---+---+----+----+----+----+----+----+----+---+---+---+---+---+---+---+---+---+----+----+----+----+----+----+----+----+----+----+----+----+----+----+----+----+----+----+----+----+----+----+----+
|                 Обход вокруг девочки (из расходки и латерала)                  |   |   |   |   |   |   |   |   | 1 | 1  | 1  | 1  | 1  | 1  | 1  | 1  |   | 1 |   | 1 |   |   |   |   |   |    |    |    |    |    |    |    |    |    |    |    |    |    |    |    |    |    |    |    |    |    |    |    |
+--------------------------------------------------------------------------------+---+---+---+---+---+---+---+---+---+----+----+----+----+----+----+----+---+---+---+---+---+---+---+---+---+----+----+----+----+----+----+----+----+----+----+----+----+----+----+----+----+----+----+----+----+----+----+----+
|                                   Вираджинья                                   |   |   |   |   |   |   |   |   |   | 1  | 1  | 1  | 1  |    | 1  |    |   |   |   |   |   |   |   |   |   |    |    |    |    |    |    |    |    |    |    |    |    |    |    |    |    |    |    |    |    |    |    |    |
+--------------------------------------------------------------------------------+---+---+---+---+---+---+---+---+---+----+----+----+----+----+----+----+---+---+---+---+---+---+---+---+---+----+----+----+----+----+----+----+----+----+----+----+----+----+----+----+----+----+----+----+----+----+----+----+
|                                    Латерал                                     |   |   |   |   |   |   |   |   |   |    | 1  | 1  | 1  | 1  | 1  | 1  | 1 | 1 | 1 |   |   |   |   |   |   |    |    |    |    |    |    |    |    |    |    |    |    |    |    |    |    |    |    |    |    |    |    |    |
+--------------------------------------------------------------------------------+---+---+---+---+---+---+---+---+---+----+----+----+----+----+----+----+---+---+---+---+---+---+---+---+---+----+----+----+----+----+----+----+----+----+----+----+----+----+----+----+----+----+----+----+----+----+----+----+
|                     Балансу с наклоном в закрытой позиции                      |   |   |   |   |   |   |   |   |   |    |    |    | 1  | 1  |    | 1  |   |   |   | 1 |   |   |   |   |   |    |    |    |    |    |    |    |    |    |    |    |    |    |    |    |    |    |    |    |    |    |    |    |
+--------------------------------------------------------------------------------+---+---+---+---+---+---+---+---+---+----+----+----+----+----+----+----+---+---+---+---+---+---+---+---+---+----+----+----+----+----+----+----+----+----+----+----+----+----+----+----+----+----+----+----+----+----+----+----+
| Смена направления на базовом шаге вперед на 90 градусов против часовой стрелки |   |   |   |   |   |   |   |   |   |    |    |    | 1  | 1  |    |    |   | 1 |   |   |   |   |   |   |   |    |    |    |    |    |    |    |    |    |    |    |    |    |    |    |    |    |    |    |    |    |    |    |
+--------------------------------------------------------------------------------+---+---+---+---+---+---+---+---+---+----+----+----+----+----+----+----+---+---+---+---+---+---+---+---+---+----+----+----+----+----+----+----+----+----+----+----+----+----+----+----+----+----+----+----+----+----+----+----+
|                                Простой поворот                                 |   |   |   |   |   |   |   |   |   |    |    |    |    | 1  | 1  | 1  |   | 1 | 1 |   |   |   |   |   |   |    |    |    |    |    |    |    |    |    |    |    |    |    |    |    |    |    |    |    |    |    |    |    |
+--------------------------------------------------------------------------------+---+---+---+---+---+---+---+---+---+----+----+----+----+----+----+----+---+---+---+---+---+---+---+---+---+----+----+----+----+----+----+----+----+----+----+----+----+----+----+----+----+----+----+----+----+----+----+----+
|                             Блокировка на латерале                             |   |   |   |   |   |   |   |   |   |    |    |    |    |    | 1  | 1  |   |   | 1 |   |   |   |   |   |   |    |    |    |    |    |    |    |    |    |    |    |    |    |    |    |    |    |    |    |    |    |    |    |
+--------------------------------------------------------------------------------+---+---+---+---+---+---+---+---+---+----+----+----+----+----+----+----+---+---+---+---+---+---+---+---+---+----+----+----+----+----+----+----+----+----+----+----+----+----+----+----+----+----+----+----+----+----+----+----+
|                          Инсайд поворот без контакта                           |   |   |   |   |   |   |   |   |   |    |    |    |    |    |    |    | 1 | 1 | 1 |   |   |   |   |   |   |    |    |    |    |    |    |    |    |    |    |    |    |    |    |    |    |    |    |    |    |    |    |    |
+--------------------------------------------------------------------------------+---+---+---+---+---+---+---+---+---+----+----+----+----+----+----+----+---+---+---+---+---+---+---+---+---+----+----+----+----+----+----+----+----+----+----+----+----+----+----+----+----+----+----+----+----+----+----+----+
|       Коридор [смена направления на 180 градусов на базовом шаге назад]        |   |   |   |   |   |   |   |   |   |    |    |    |    |    |    |    |   | 1 | 1 |   |   |   |   |   |   |    |    |    |    |    |    |    |    |    |    |    |    |    |    |    |    |    |    |    |    |    |    |    |
+--------------------------------------------------------------------------------+---+---+---+---+---+---+---+---+---+----+----+----+----+----+----+----+---+---+---+---+---+---+---+---+---+----+----+----+----+----+----+----+----+----+----+----+----+----+----+----+----+----+----+----+----+----+----+----+
|                   Прогулка в открытой позиции вперед и назад                   |   |   |   |   |   |   |   |   |   |    |    |    |    |    |    |    |   | 1 | 1 |   |   |   |   |   |   |    |    |    |    |    |    |    |    |    |    |    |    |    |    |    |    |    |    |    |    |    |    |    |
+--------------------------------------------------------------------------------+---+---+---+---+---+---+---+---+---+----+----+----+----+----+----+----+---+---+---+---+---+---+---+---+---+----+----+----+----+----+----+----+----+----+----+----+----+----+----+----+----+----+----+----+----+----+----+----+
|                Вираджинья со сменой направления на 90 градусов                 |   |   |   |   |   |   |   |   |   |    |    |    |    |    |    |    |   |   | 1 | 1 |   |   |   |   |   |    |    |    |    |    |    |    |    |    |    |    |    |    |    |    |    |    |    |    |    |    |    |    |
+--------------------------------------------------------------------------------+---+---+---+---+---+---+---+---+---+----+----+----+----+----+----+----+---+---+---+---+---+---+---+---+---+----+----+----+----+----+----+----+----+----+----+----+----+----+----+----+----+----+----+----+----+----+----+----+
|                     Балансу без наклона в закрытой позиции                     |   |   |   |   |   |   |   |   |   |    |    |    |    |    |    |    |   |   |   | 1 |   |   |   |   |   |    |    |    |    |    |    |    |    |    |    |    |    |    |    |    |    |    |    |    |    |    |    |    |
+--------------------------------------------------------------------------------+---+---+---+---+---+---+---+---+---+----+----+----+----+----+----+----+---+---+---+---+---+---+---+---+---+----+----+----+----+----+----+----+----+----+----+----+----+----+----+----+----+----+----+----+----+----+----+----+
|                         Поворот (из балансу или алсо)                          |   |   |   |   |   |   |   |   |   |    |    |    |    |    |    |    |   |   |   | 1 |   |   |   |   |   |    |    |    |    |    |    |    |    |    |    |    |    |    |    |    |    |    |    |    |    |    |    |    |
+--------------------------------------------------------------------------------+---+---+---+---+---+---+---+---+---+----+----+----+----+----+----+----+---+---+---+---+---+---+---+---+---+----+----+----+----+----+----+----+----+----+----+----+----+----+----+----+----+----+----+----+----+----+----+----+

