+--------------------------------------------------------------------------------------------------------+---+---+---+---+---+---+---+---+---+----+----+----+----+----+----+----+---+---+---+---+---+---+---+---+---+----+----+----+----+----+----+----+----+----+----+----+----+----+----+----+----+----+----+----+----+----+----+----+
|                                             Фигура/Занятие                                             | 1 | 2 | 3 | 4 | 5 | 6 | 7 | 8 | 9 | 10 | 11 | 12 | 13 | 14 | 15 | 16 | 1 | 2 | 3 | 4 | 5 | 6 | 7 | 8 | 9 | 10 | 11 | 12 | 13 | 14 | 15 | 16 | 17 | 18 | 19 | 20 | 21 | 22 | 23 | 24 | 25 | 26 | 27 | 28 | 29 | 30 | 31 | 32 |
+--------------------------------------------------------------------------------------------------------+---+---+---+---+---+---+---+---+---+----+----+----+----+----+----+----+---+---+---+---+---+---+---+---+---+----+----+----+----+----+----+----+----+----+----+----+----+----+----+----+----+----+----+----+----+----+----+----+
|                                                                                                        |   |   |   |   |   |   |   |   |   |    |    |    |    |    |    |    |   |   |   |   |   |   |   |   |   |    |    |    |    |    |    |    |    |    |    |    |    |    |    |    |    |    |    |    |    |    |    |    |
+--------------------------------------------------------------------------------------------------------+---+---+---+---+---+---+---+---+---+----+----+----+----+----+----+----+---+---+---+---+---+---+---+---+---+----+----+----+----+----+----+----+----+----+----+----+----+----+----+----+----+----+----+----+----+----+----+----+
|                                         Медленный шаг на месте                                         | 1 | 1 | 1 | 1 | 1 | 1 | 1 | 1 | 1 | 1  | 1  | 1  | 1  | 1  | 1  | 1  | 1 | 1 | 1 | 1 |   |   |   |   |   |    |    |    |    |    |    |    |    |    |    |    |    |    |    |    |    |    |    |    |    |    |    |    |
+--------------------------------------------------------------------------------------------------------+---+---+---+---+---+---+---+---+---+----+----+----+----+----+----+----+---+---+---+---+---+---+---+---+---+----+----+----+----+----+----+----+----+----+----+----+----+----+----+----+----+----+----+----+----+----+----+----+
|                               Перемещение вперед и назад медленным шагом                               | 1 | 1 | 1 | 1 | 1 | 1 | 1 | 1 |   |    | 1  |    | 1  |    |    |    |   |   |   |   |   |   |   |   |   |    |    |    |    |    |    |    |    |    |    |    |    |    |    |    |    |    |    |    |    |    |    |    |
+--------------------------------------------------------------------------------------------------------+---+---+---+---+---+---+---+---+---+----+----+----+----+----+----+----+---+---+---+---+---+---+---+---+---+----+----+----+----+----+----+----+----+----+----+----+----+----+----+----+----+----+----+----+----+----+----+----+
|                 Смена направления медленным шагом по часовой и против часовой стрелок                  | 1 | 1 | 1 | 1 | 1 | 1 | 1 |   |   |    | 1  |    |    |    | 1  |    |   |   |   |   |   |   |   |   |   |    |    |    |    |    |    |    |    |    |    |    |    |    |    |    |    |    |    |    |    |    |    |    |
+--------------------------------------------------------------------------------------------------------+---+---+---+---+---+---+---+---+---+----+----+----+----+----+----+----+---+---+---+---+---+---+---+---+---+----+----+----+----+----+----+----+----+----+----+----+----+----+----+----+----+----+----+----+----+----+----+----+
|                           Перемещение со сменой направления медленным шагом                            | 1 | 1 | 1 | 1 |   |   |   |   |   | 1  |    | 1  |    |    |    |    |   |   |   |   |   |   |   |   |   |    |    |    |    |    |    |    |    |    |    |    |    |    |    |    |    |    |    |    |    |    |    |    |
+--------------------------------------------------------------------------------------------------------+---+---+---+---+---+---+---+---+---+----+----+----+----+----+----+----+---+---+---+---+---+---+---+---+---+----+----+----+----+----+----+----+----+----+----+----+----+----+----+----+----+----+----+----+----+----+----+----+
|                                       Ламбадовский шаг на месте                                        | 1 | 1 | 1 | 1 | 1 | 1 | 1 | 1 | 1 | 1  | 1  | 1  | 1  | 1  | 1  | 1  | 1 |   |   | 1 |   |   |   |   |   |    |    |    |    |    |    |    |    |    |    |    |    |    |    |    |    |    |    |    |    |    |    |    |
+--------------------------------------------------------------------------------------------------------+---+---+---+---+---+---+---+---+---+----+----+----+----+----+----+----+---+---+---+---+---+---+---+---+---+----+----+----+----+----+----+----+----+----+----+----+----+----+----+----+----+----+----+----+----+----+----+----+
|                             Перемещение вперед и назад ламбадовским шагом                              | 1 | 1 | 1 | 1 | 1 | 1 | 1 | 1 |   |    | 1  |    | 1  |    |    |    |   |   |   |   |   |   |   |   |   |    |    |    |    |    |    |    |    |    |    |    |    |    |    |    |    |    |    |    |    |    |    |    |
+--------------------------------------------------------------------------------------------------------+---+---+---+---+---+---+---+---+---+----+----+----+----+----+----+----+---+---+---+---+---+---+---+---+---+----+----+----+----+----+----+----+----+----+----+----+----+----+----+----+----+----+----+----+----+----+----+----+
|                Смена направления ламбадовским шагом по часовой и против часовой стрелок                | 1 | 1 | 1 | 1 | 1 | 1 | 1 |   |   |    | 1  |    |    |    | 1  |    |   |   |   |   |   |   |   |   |   |    |    |    |    |    |    |    |    |    |    |    |    |    |    |    |    |    |    |    |    |    |    |    |
+--------------------------------------------------------------------------------------------------------+---+---+---+---+---+---+---+---+---+----+----+----+----+----+----+----+---+---+---+---+---+---+---+---+---+----+----+----+----+----+----+----+----+----+----+----+----+----+----+----+----+----+----+----+----+----+----+----+
|                          Перемещение со сменой направления ламбадовским шагом                          | 1 | 1 | 1 | 1 |   |   |   |   |   | 1  |    | 1  |    |    |    |    |   |   |   | 1 |   |   |   |   |   |    |    |    |    |    |    |    |    |    |    |    |    |    |    |    |    |    |    |    |    |    |    |    |
+--------------------------------------------------------------------------------------------------------+---+---+---+---+---+---+---+---+---+----+----+----+----+----+----+----+---+---+---+---+---+---+---+---+---+----+----+----+----+----+----+----+----+----+----+----+----+----+----+----+----+----+----+----+----+----+----+----+
|                                              Базовый шаг                                               |   | 1 | 1 | 1 | 1 | 1 | 1 | 1 | 1 | 1  | 1  | 1  | 1  | 1  | 1  | 1  | 1 | 1 | 1 | 1 |   |   |   |   |   |    |    |    |    |    |    |    |    |    |    |    |    |    |    |    |    |    |    |    |    |    |    |    |
+--------------------------------------------------------------------------------------------------------+---+---+---+---+---+---+---+---+---+----+----+----+----+----+----+----+---+---+---+---+---+---+---+---+---+----+----+----+----+----+----+----+----+----+----+----+----+----+----+----+----+----+----+----+----+----+----+----+
|                               Боковой шаг (шаг в сторону и два на месте)                               |   | 1 | 1 | 1 | 1 | 1 | 1 | 1 | 1 | 1  | 1  | 1  | 1  | 1  | 1  | 1  | 1 | 1 | 1 | 1 |   |   |   |   |   |    |    |    |    |    |    |    |    |    |    |    |    |    |    |    |    |    |    |    |    |    |    |    |
+--------------------------------------------------------------------------------------------------------+---+---+---+---+---+---+---+---+---+----+----+----+----+----+----+----+---+---+---+---+---+---+---+---+---+----+----+----+----+----+----+----+----+----+----+----+----+----+----+----+----+----+----+----+----+----+----+----+
|                                 Балансу с наклоном из медленного шага                                  |   |   | 1 | 1 |   |   |   |   | 1 | 1  |    |    | 1  |    |    |    |   |   |   |   |   |   |   |   |   |    |    |    |    |    |    |    |    |    |    |    |    |    |    |    |    |    |    |    |    |    |    |    |
+--------------------------------------------------------------------------------------------------------+---+---+---+---+---+---+---+---+---+----+----+----+----+----+----+----+---+---+---+---+---+---+---+---+---+----+----+----+----+----+----+----+----+----+----+----+----+----+----+----+----+----+----+----+----+----+----+----+
|                                       Параджинья [мужская часть]                                       |   |   | 1 | 1 | 1 | 1 | 1 | 1 | 1 | 1  | 1  |    | 1  |    | 1  |    |   |   |   |   |   |   |   |   |   |    |    |    |    |    |    |    |    |    |    |    |    |    |    |    |    |    |    |    |    |    |    |    |
+--------------------------------------------------------------------------------------------------------+---+---+---+---+---+---+---+---+---+----+----+----+----+----+----+----+---+---+---+---+---+---+---+---+---+----+----+----+----+----+----+----+----+----+----+----+----+----+----+----+----+----+----+----+----+----+----+----+
|                                       Параджинья [женская часть]                                       |   |   |   |   |   |   |   |   |   |    |    |    |    |    |    |    |   |   |   |   |   |   |   |   |   |    |    |    |    |    |    |    |    |    |    |    |    |    |    |    |    |    |    |    |    |    |    |    |
+--------------------------------------------------------------------------------------------------------+---+---+---+---+---+---+---+---+---+----+----+----+----+----+----+----+---+---+---+---+---+---+---+---+---+----+----+----+----+----+----+----+----+----+----+----+----+----+----+----+----+----+----+----+----+----+----+----+
|                                               Расходка                                                 |   |   |   | 1 | 1 | 1 | 1 | 1 | 1 | 1  |    |    |    | 1  |    |    |   |   |   |   |   |   |   |   |   |    |    |    |    |    |    |    |    |    |    |    |    |    |    |    |    |    |    |    |    |    |    |    |
+--------------------------------------------------------------------------------------------------------+---+---+---+---+---+---+---+---+---+----+----+----+----+----+----+----+---+---+---+---+---+---+---+---+---+----+----+----+----+----+----+----+----+----+----+----+----+----+----+----+----+----+----+----+----+----+----+----+
|      Смена направления на базовом шаге назад и шаге вперед на 90 градусов против часовой стрелки       |   |   |   |   | 1 | 1 | 1 | 1 | 1 | 1  | 1  | 1  | 1  | 1  | 1  | 1  |   |   | 1 |   |   |   |   |   |   |    |    |    |    |    |    |    |    |    |    |    |    |    |    |    |    |    |    |    |    |    |    |    |
+--------------------------------------------------------------------------------------------------------+---+---+---+---+---+---+---+---+---+----+----+----+----+----+----+----+---+---+---+---+---+---+---+---+---+----+----+----+----+----+----+----+----+----+----+----+----+----+----+----+----+----+----+----+----+----+----+----+
|                                  Балансу с наклоном из бокового шага                                   |   |   |   |   | 1 | 1 | 1 |   |   |    | 1  | 1  |    |    | 1  |    |   |   |   |   |   |   |   |   |   |    |    |    |    |    |    |    |    |    |    |    |    |    |    |    |    |    |    |    |    |    |    |    |
+--------------------------------------------------------------------------------------------------------+---+---+---+---+---+---+---+---+---+----+----+----+----+----+----+----+---+---+---+---+---+---+---+---+---+----+----+----+----+----+----+----+----+----+----+----+----+----+----+----+----+----+----+----+----+----+----+----+
|                                        Ускоренный шаг на месте                                         |   |   |   |   |   | 1 | 1 | 1 | 1 | 1  | 1  | 1  | 1  | 1  | 1  | 1  |   | 1 |   |   |   |   |   |   |   |    |    |    |    |    |    |    |    |    |    |    |    |    |    |    |    |    |    |    |    |    |    |    |
+--------------------------------------------------------------------------------------------------------+---+---+---+---+---+---+---+---+---+----+----+----+----+----+----+----+---+---+---+---+---+---+---+---+---+----+----+----+----+----+----+----+----+----+----+----+----+----+----+----+----+----+----+----+----+----+----+----+
|                              Перемещение вперед и назад ускоренным шагом                               |   |   |   |   |   | 1 | 1 | 1 |   |    | 1  |    | 1  |    |    |    |   | 1 |   |   |   |   |   |   |   |    |    |    |    |    |    |    |    |    |    |    |    |    |    |    |    |    |    |    |    |    |    |    |
+--------------------------------------------------------------------------------------------------------+---+---+---+---+---+---+---+---+---+----+----+----+----+----+----+----+---+---+---+---+---+---+---+---+---+----+----+----+----+----+----+----+----+----+----+----+----+----+----+----+----+----+----+----+----+----+----+----+
|                 Смена направления ускоренным шагом по часовой и против часовой стрелок                 |   |   |   |   |   | 1 | 1 |   |   |    | 1  |    |    |    | 1  |    |   |   |   |   |   |   |   |   |   |    |    |    |    |    |    |    |    |    |    |    |    |    |    |    |    |    |    |    |    |    |    |    |
+--------------------------------------------------------------------------------------------------------+---+---+---+---+---+---+---+---+---+----+----+----+----+----+----+----+---+---+---+---+---+---+---+---+---+----+----+----+----+----+----+----+----+----+----+----+----+----+----+----+----+----+----+----+----+----+----+----+
|                           Перемещение со сменой направления ускоренным шагом                           |   |   |   |   |   |   |   |   |   | 1  |    | 1  |    |    |    |    |   |   |   |   |   |   |   |   |   |    |    |    |    |    |    |    |    |    |    |    |    |    |    |    |    |    |    |    |    |    |    |    |
+--------------------------------------------------------------------------------------------------------+---+---+---+---+---+---+---+---+---+----+----+----+----+----+----+----+---+---+---+---+---+---+---+---+---+----+----+----+----+----+----+----+----+----+----+----+----+----+----+----+----+----+----+----+----+----+----+----+
|                    Обход вокруг девочки (удобнее всего делать из мужского латерала)                    |   |   |   |   |   |   |   | 1 | 1 | 1  | 1  |    |    | 1  |    |    |   |   |   |   |   |   |   |   |   |    |    |    |    |    |    |    |    |    |    |    |    |    |    |    |    |    |    |    |    |    |    |    |
+--------------------------------------------------------------------------------------------------------+---+---+---+---+---+---+---+---+---+----+----+----+----+----+----+----+---+---+---+---+---+---+---+---+---+----+----+----+----+----+----+----+----+----+----+----+----+----+----+----+----+----+----+----+----+----+----+----+
|                                            Мужской латерал                                             |   |   |   |   |   |   |   |   | 1 | 1  | 1  | 1  | 1  | 1  | 1  | 1  |   |   |   |   |   |   |   |   |   |    |    |    |    |    |    |    |    |    |    |    |    |    |    |    |    |    |    |    |    |    |    |    |
+--------------------------------------------------------------------------------------------------------+---+---+---+---+---+---+---+---+---+----+----+----+----+----+----+----+---+---+---+---+---+---+---+---+---+----+----+----+----+----+----+----+----+----+----+----+----+----+----+----+----+----+----+----+----+----+----+----+
|                     Женский латерал (из базового или бокового шагов с правой ноги)                     |   |   |   |   |   |   |   |   | 1 | 1  | 1  | 1  | 1  | 1  | 1  | 1  |   |   |   |   |   |   |   |   |   |    |    |    |    |    |    |    |    |    |    |    |    |    |    |    |    |    |    |    |    |    |    |    |
+--------------------------------------------------------------------------------------------------------+---+---+---+---+---+---+---+---+---+----+----+----+----+----+----+----+---+---+---+---+---+---+---+---+---+----+----+----+----+----+----+----+----+----+----+----+----+----+----+----+----+----+----+----+----+----+----+----+
|                                      Вираджинья [мужская часть]                                        |   |   |   |   |   |   |   |   |   | 1  | 1  |    |    |    | 1  |    |   |   |   |   |   |   |   |   |   |    |    |    |    |    |    |    |    |    |    |    |    |    |    |    |    |    |    |    |    |    |    |    |
+--------------------------------------------------------------------------------------------------------+---+---+---+---+---+---+---+---+---+----+----+----+----+----+----+----+---+---+---+---+---+---+---+---+---+----+----+----+----+----+----+----+----+----+----+----+----+----+----+----+----+----+----+----+----+----+----+----+
|                                    Блокировка на мужском латерале                                      |   |   |   |   |   |   |   |   |   |    |    | 1  | 1  | 1  | 1  |    |   |   |   |   |   |   |   |   |   |    |    |    |    |    |    |    |    |    |    |    |    |    |    |    |    |    |    |    |    |    |    |    |
+--------------------------------------------------------------------------------------------------------+---+---+---+---+---+---+---+---+---+----+----+----+----+----+----+----+---+---+---+---+---+---+---+---+---+----+----+----+----+----+----+----+----+----+----+----+----+----+----+----+----+----+----+----+----+----+----+----+
|                                     Блокировка на женском латерале                                     |   |   |   |   |   |   |   |   |   |    |    | 1  | 1  | 1  | 1  |    |   |   |   |   |   |   |   |   |   |    |    |    |    |    |    |    |    |    |    |    |    |    |    |    |    |    |    |    |    |    |    |    |
+--------------------------------------------------------------------------------------------------------+---+---+---+---+---+---+---+---+---+----+----+----+----+----+----+----+---+---+---+---+---+---+---+---+---+----+----+----+----+----+----+----+----+----+----+----+----+----+----+----+----+----+----+----+----+----+----+----+
|                       Поворот на 180 градусов (из бокового шага или шага назад)                        |   |   |   |   |   |   |   |   |   |    |    |    |    | 1  | 1  | 1  | 1 | 1 |   |   |   |   |   |   |   |    |    |    |    |    |    |    |    |    |    |    |    |    |    |    |    |    |    |    |    |    |    |    |
+--------------------------------------------------------------------------------------------------------+---+---+---+---+---+---+---+---+---+----+----+----+----+----+----+----+---+---+---+---+---+---+---+---+---+----+----+----+----+----+----+----+----+----+----+----+----+----+----+----+----+----+----+----+----+----+----+----+
| Смена направления на базовом шаге назад и шаге вперед на 180 градусов против часовой стрелки [коридор] |   |   |   |   |   |   |   |   |   |    |    |    |    |    |    | 1  | 1 |   |   |   |   |   |   |   |   |    |    |    |    |    |    |    |    |    |    |    |    |    |    |    |    |    |    |    |    |    |    |    |
+--------------------------------------------------------------------------------------------------------+---+---+---+---+---+---+---+---+---+----+----+----+----+----+----+----+---+---+---+---+---+---+---+---+---+----+----+----+----+----+----+----+----+----+----+----+----+----+----+----+----+----+----+----+----+----+----+----+
|                                        Прогулка вперед и назад                                         |   |   |   |   |   |   |   |   |   |    |    |    |    |    |    |    | 1 | 1 |   |   |   |   |   |   |   |    |    |    |    |    |    |    |    |    |    |    |    |    |    |    |    |    |    |    |    |    |    |    |
+--------------------------------------------------------------------------------------------------------+---+---+---+---+---+---+---+---+---+----+----+----+----+----+----+----+---+---+---+---+---+---+---+---+---+----+----+----+----+----+----+----+----+----+----+----+----+----+----+----+----+----+----+----+----+----+----+----+
|                    Вираджинья со сменой направления на 90 градусов [мужская часть]                     |   |   |   |   |   |   |   |   |   |    |    |    |    |    |    |    |   | 1 |   |   |   |   |   |   |   |    |    |    |    |    |    |    |    |    |    |    |    |    |    |    |    |    |    |    |    |    |    |    |
+--------------------------------------------------------------------------------------------------------+---+---+---+---+---+---+---+---+---+----+----+----+----+----+----+----+---+---+---+---+---+---+---+---+---+----+----+----+----+----+----+----+----+----+----+----+----+----+----+----+----+----+----+----+----+----+----+----+
|                                             Волна на месте                                             |   |   |   |   |   |   |   |   |   |    |    |    |    |    |    |    |   | 1 | 1 | 1 |   |   |   |   |   |    |    |    |    |    |    |    |    |    |    |    |    |    |    |    |    |    |    |    |    |    |    |    |
+--------------------------------------------------------------------------------------------------------+---+---+---+---+---+---+---+---+---+----+----+----+----+----+----+----+---+---+---+---+---+---+---+---+---+----+----+----+----+----+----+----+----+----+----+----+----+----+----+----+----+----+----+----+----+----+----+----+
|                 Балансу без наклона после поворота, поворот после балансу без наклона                  |   |   |   |   |   |   |   |   |   |    |    |    |    |    |    |    |   |   | 1 | 1 |   |   |   |   |   |    |    |    |    |    |    |    |    |    |    |    |    |    |    |    |    |    |    |    |    |    |    |    |
+--------------------------------------------------------------------------------------------------------+---+---+---+---+---+---+---+---+---+----+----+----+----+----+----+----+---+---+---+---+---+---+---+---+---+----+----+----+----+----+----+----+----+----+----+----+----+----+----+----+----+----+----+----+----+----+----+----+
|                  Балансу с наклоном после поворота, поворот после балансу с наклоном                   |   |   |   |   |   |   |   |   |   |    |    |    |    |    |    |    |   |   | 1 | 1 |   |   |   |   |   |    |    |    |    |    |    |    |    |    |    |    |    |    |    |    |    |    |    |    |    |    |    |    |
+--------------------------------------------------------------------------------------------------------+---+---+---+---+---+---+---+---+---+----+----+----+----+----+----+----+---+---+---+---+---+---+---+---+---+----+----+----+----+----+----+----+----+----+----+----+----+----+----+----+----+----+----+----+----+----+----+----+
|                         Базовый шаг со смещением в сторону на квик квик (ромб)                         |   |   |   |   |   |   |   |   |   |    |    |    |    |    |    |    |   |   |   | 1 |   |   |   |   |   |    |    |    |    |    |    |    |    |    |    |    |    |    |    |    |    |    |    |    |    |    |    |    |
+--------------------------------------------------------------------------------------------------------+---+---+---+---+---+---+---+---+---+----+----+----+----+----+----+----+---+---+---+---+---+---+---+---+---+----+----+----+----+----+----+----+----+----+----+----+----+----+----+----+----+----+----+----+----+----+----+----+
|                           Обратная волна на месте (от таза к грудной клетке)                           |   |   |   |   |   |   |   |   |   |    |    |    |    |    |    |    |   |   |   | 1 |   |   |   |   |   |    |    |    |    |    |    |    |    |    |    |    |    |    |    |    |    |    |    |    |    |    |    |    |
+--------------------------------------------------------------------------------------------------------+---+---+---+---+---+---+---+---+---+----+----+----+----+----+----+----+---+---+---+---+---+---+---+---+---+----+----+----+----+----+----+----+----+----+----+----+----+----+----+----+----+----+----+----+----+----+----+----+
|                                   Выход на латерал из базового шага                                    |   |   |   |   |   |   |   |   |   |    |    |    |    |    |    |    |   |   |   | 1 |   |   |   |   |   |    |    |    |    |    |    |    |    |    |    |    |    |    |    |    |    |    |    |    |    |    |    |    |
+--------------------------------------------------------------------------------------------------------+---+---+---+---+---+---+---+---+---+----+----+----+----+----+----+----+---+---+---+---+---+---+---+---+---+----+----+----+----+----+----+----+----+----+----+----+----+----+----+----+----+----+----+----+----+----+----+----+

